=== Step 1: Get captcha ===
Captcha text extracted: 'DGSD' (length: 4)
SVG text sample: <svg xmlns="http://www.w3.org/2000/svg" width="130" height="42"><rect width="130" height="42" fill="#fffff0"/><line x1="67" y1="32" x2="130" y2="17" stroke="rgb(172,130,145)" stroke-width="1"/><line x1="66" y1="15" x2="117" y2="23" stroke="rgb(169,164,128)" stroke-width="1"/><line x1="68" y1="19" x2="91" y2="13" stroke="rgb(199,173,150)" stroke-width="1"/><line x1="76" y1="25" x2="65" y2="15" stroke="rgb(141,187,197)" stroke-width="1"/><line x1="64" y1="4" x2="67" y2="7" stroke="rgb(126,176,153)

=== Step 2: Login ===
Login response: 200 {'message': '登录成功', 'success': True}

=== Step 3: Check auth ===
Auth check: {'logged_in': True}

=== Step 4: Get points ===
Points status: 200
Points type: FeatureCollection
Features count: 5
First feature: {
  "geometry": {
    "coordinates": [
      98.793008,
      27.393416
    ],
    "type": "Point"
  },
  "properties": {
    "city": "香格里拉",
    "description": "",
    "id": 3,
    "image_url": "http://tg7qmj2ws.hn-bkt.clouddn.com/images/edaad4de60df41548036c9d8ac59429c.png",
    "name": "车市",
    "province": "云南省"
  },
  "type": "Feature"
}
